exports[`Schedule - Break renders correctly 1`] = `
<View
  important={false}
  style={
    Array [
      Object {
        "alignItems": "stretch",
        "backgroundColor": "#fbfbfb",
        "borderBottomColor": "#CCC",
        "borderBottomWidth": 0.5,
        "flexDirection": "row",
      },
      undefined,
    ]
  }>
  <View
    style={
      Object {
        "backgroundColor": "#00A8D8",
        "width": 5,
      }
    } />
  <View
    style={
      Array [
        Object {
          "alignItems": "center",
          "backgroundColor": "#fbfbfb",
          "flexGrow": 1,
          "height": 44,
          "justifyContent": "center",
        },
        undefined,
      ]
    }>
    <Text
      accessible={true}
      allowFontScaling={true}
      ellipsizeMode="tail"
      style={
        Array [
          Object {
            "backgroundColor": "transparent",
            "color": "#383838",
            "fontSize": 14,
            "fontWeight": "300",
          },
          undefined,
        ]
      }>
       -
      <Text
        accessible={true}
        allowFontScaling={true}
        ellipsizeMode="tail"
        style={
          Object {
            "fontWeight": "500",
          }
        }>
         
        
      </Text>
    </Text>
  </View>
</View>
`;
